// Jest Snapshot v1, https://goo.gl/fbAQLP

exports[`will fail every time 1`] = `
Object {
  "createdAt": 2020-07-10T16:50:18.496Z,
  "id": 14,
  "name": "Javascript Engineer",
}
`;
